
> openply-site@0.4.0 build
> tsc -b && vite build

[36mvite v6.4.3 [32mbuilding for production...[36m[39m
transforming...
[32m✓[39m 2317 modules transformed.
rendering chunks...
computing gzip size...
[2mdist/[22m[32mindex.html                 [39m[1m[2m  1.23 kB[22m[1m[22m[2m │ gzip:   0.57 kB[22m
[2mdist/[22m[35massets/index-C47lTeL0.css  [39m[1m[2m 73.69 kB[22m[1m[22m[2m │ gzip:  13.12 kB[22m
[2mdist/[22m[36massets/index-BHKdVq79.js   [39m[1m[33m628.32 kB[39m[22m[2m │ gzip: 189.01 kB[22m
[33m
(!) Some chunks are larger than 500 kB after minification. Consider:
- Using dynamic import() to code-split the application
- Use build.rollupOptions.output.manualChunks to improve chunking: https://rollupjs.org/configuration-options/#output-manualchunks
- Adjust chunk size limit for this warning via build.chunkSizeWarningLimit.[39m
[32m✓ built in 29.38s[39m
npm notice
npm notice New major version of npm available! 10.9.3 -> 12.0.2
npm notice Changelog: https://github.com/npm/cli/releases/tag/v12.0.2
npm notice To update run: npm install -g npm@12.0.2
npm notice
